Test Loss    :0.276238017231226
Test Accuracy:0.9220000000000002
